[seed] Random seed set to 42
============================================================
  SPLIT-RATIO SWEEP
============================================================
Loading weights:   0%|          | 0/310 [00:00<?, ?it/s]Loading weights:  25%|██▍       | 76/310 [00:00<00:00, 740.62it/s]Loading weights:  49%|████▊     | 151/310 [00:00<00:00, 573.14it/s]Loading weights:  68%|██████▊   | 211/310 [00:00<00:00, 536.17it/s]Loading weights:  86%|████████▌ | 267/310 [00:00<00:00, 521.09it/s]Loading weights: 100%|██████████| 310/310 [00:00<00:00, 576.15it/s]

============================================================
  SPLIT: 0 parametric / 32 context
  Block A (parametric): channels []
  Block B (context):    channels [8, 9, 10, 11, 12, 13, 14, 15, 16, 17, 18, 19, 20, 21, 22, 23, 24, 25, 26, 27, 28, 29, 30, 31, 32, 33, 34, 35, 36, 37, 38, 39]
============================================================
  No write head needed - evaluating context-only...
Eval:   0%|          | 0/5 [00:00<?, ?it/s]Eval:  20%|██        | 1/5 [00:06<00:24,  6.15s/it]Eval:  40%|████      | 2/5 [00:11<00:17,  5.93s/it]Eval:  60%|██████    | 3/5 [00:17<00:11,  5.89s/it]Eval:  80%|████████  | 4/5 [00:23<00:05,  5.91s/it]Eval: 100%|██████████| 5/5 [00:26<00:00,  4.93s/it]                                                     Slot-level (per-channel mean): 100.0%  (n=160)
  Sample-level joint (all 32 correct): 100.0%  (n=5)

============================================================
  SWEEP SUMMARY
============================================================
  Param   Ctx   A acc   B acc     All
  ----- ----- ------- ------- -------
      0    32    0.0%  100.0%  100.0%

  Saved to /tmp/smoke_check/sweep_results.json
